fix: update 2 vulnerable dependencies

Security updates for multiple packages
