fix: update golang.org/x/crypto from v0.0.1 to v0.1.0

Fixes security vulnerabilities: [CVE-2023-1234]
